
> medguidefront@0.1.0 build
> next build

   Ôû▓ Next.js 16.0.0 (Turbopack)

   Creating an optimized production build ...
 Ô£ô Compiled successfully in 2.7s
   Running TypeScript ...
node.exe : Failed to compile.
No C:\Program Files\nodejs\npm.ps1:29 caractere:3
+   & $NODE_EXE $NPM_CLI_JS $args
+   ~~~~~~~~~~~~~~~~~~~~~~~~~~~~~
    + CategoryInfo          : NotSpecified: (Failed to compile.:String) [], RemoteException
    + FullyQualifiedErrorId : NativeCommandError
 

./src/app/lib/hooks/useAppointments.ts:56:23
Type error: Argument of type '(prev: Appointment[]) => (Appointment | undefined)[]' is not assignable to parameter of type 
'SetStateAction<Appointment[]>'.
  Type '(prev: Appointment[]) => (Appointment | undefined)[]' is not assignable to type '(prevState: Appointment[]) => Appointment[]'.
    Type '(Appointment | undefined)[]' is not assignable to type 'Appointment[]'.
      Type 'Appointment | undefined' is not assignable to type 'Appointment'.
        Type 'undefined' is not assignable to type 'Appointment'.

[0m [90m 54 |[39m
 [90m 55 |[39m       [36mconst[39m newAppointment [33m=[39m [36mawait[39m appointmentService[33m.[39mcreateAppointment(data)[33m;[39m
[31m[1m>[22m[39m[90m 56 |[39m       setAppointments((prev) [33m=>[39m [[33m...[39mprev[33m,[39m newAppointment])[33m;[39m
 [90m    |[39m                       [31m[1m^[22m[39m
 [90m 57 |[39m
 [90m 58 |[39m       [36mreturn[39m newAppointment[33m;[39m
 [90m 59 |[39m     } [36mcatch[39m (err) {[0m
Next.js build worker exited with code: 1 and signal: null
